// Jest Snapshot v1, https://goo.gl/fbAQLP

exports[`create interviewer component matches snapshot DOM node structure 1`] = `
<DocumentFragment>
  <div
    id="comp-content"
  >
    <div
      class="comp-header"
    >
      <h1
        data-testid="createInterviewH1"
      >
        Create Interviewer
      </h1>
    </div>
    <div
      class="create-int-error"
    >
      <div
        class="error-message"
      />
    </div>
    <div>
      <form
        enctype="multipart/form-data"
        id="interviewer-form"
      >
        <div
          class="input-container"
        >
          <label
            class="input-label"
            for="firstName"
          >
            First Name 
            <span
              class="requiredsign"
            >
              *
            </span>
          </label>
          <input
            autocomplete="off"
            class="input-field"
            id="firstName"
            maxlength="20"
            name="firstName"
            pattern="[^0-9]+"
            required=""
            title="Input can't contain numbers"
            type="text"
            value=""
          />
        </div>
        <div
          class="input-container"
        >
          <label
            class="input-label"
            for="lastName"
          >
            Last Name 
            <span
              class="requiredsign"
            >
              *
            </span>
          </label>
          <input
            autocomplete="off"
            class="input-field"
            id="lastName"
            maxlength="20"
            name="lastName"
            pattern="[^0-9]+"
            required=""
            title="Input can only contain letters"
            type="text"
            value=""
          />
        </div>
        <div
          class="input-container"
        >
          <label
            class="input-label"
            for="phoneNumber"
          >
            Contact # 
          </label>
          <input
            autocomplete="off"
            class="input-field"
            id="phoneNumber"
            maxlength="16"
            name="phoneNumber"
            title="Input can only accept numbers"
            type="tel"
            value=""
          />
        </div>
        <div
          class="input-container"
        >
          <label
            class="input-label"
            for="email"
          >
            E-mail 
            <span
              class="requiredsign"
            >
              *
            </span>
          </label>
          <input
            autocomplete="off"
            class="input-field"
            id="email"
            name="email"
            pattern="[a-z0-9._%+-]+@[a-z0-9.-]+\\\\.[a-z]{2,}$"
            required=""
            title="example@example.com"
            type="email"
            value=""
          />
        </div>
        <div
          class="input-container"
        >
          <label
            class="input-label"
            for="city"
          >
            City 
          </label>
          <input
            autocomplete="off"
            class="input-field"
            id="city"
            name="city"
            type="text"
            value=""
          />
        </div>
        <div
          class="input-container"
        >
          <label
            class="input-label"
            for="state"
          >
            State / Province 
          </label>
          <input
            autocomplete="off"
            class="input-field"
            id="state"
            name="state"
            type="text"
            value=""
          />
        </div>
        <div
          class="input-container"
        >
          <label
            class="input-label"
            for="postalCode"
          >
            ZIP Code 
          </label>
          <input
            autocomplete="off"
            class="input-field"
            id="postalCode"
            name="postalCode"
            type="text"
            value=""
          />
        </div>
        <div
          class="input-container"
        >
          <label
            class="input-label"
            for="totalExperience"
          >
            Total Experience 
            <span
              class="guide-text"
            >
              (in years)
            </span>
          </label>
          <input
            autocomplete="off"
            class="input-field"
            id="totalExperience"
            min="0"
            name="totalExperience"
            type="number"
            value=""
          />
        </div>
        <div
          class="input-container"
        >
          <label
            class="input-label"
            for="currentProject"
          >
            Current Project 
          </label>
          <input
            autocomplete="off"
            class="input-field"
            id="currentProject"
            maxlength="30"
            name="currentProject"
            type="text"
            value=""
          />
        </div>
        <div
          class="textarea-container"
        >
          <label
            class="textarea-label"
            for="interviewSkills"
          >
            Interview Skills
          </label>
          <textarea
            autocomplete="off"
            class="textarea"
            id="interviewSkills"
            maxlength="50"
            name="interviewSkills"
          />
        </div>
        <div
          class="create-int-btn-row"
        >
          <input
            class="form-btn"
            data-testid="submit-btn"
            id="int-save-btn"
            name="submit"
            type="submit"
            value="Submit"
          />
          <input
            class="form-btn"
            data-testid="reset-btn"
            id="int-reset-btn"
            name="cancel"
            type="reset"
            value="Reset"
          />
        </div>
      </form>
    </div>
  </div>
</DocumentFragment>
`;
