// Jest Snapshot v1, https://goo.gl/fbAQLP

exports[`axios.get selectedInterviewer is successful matches snapshot 1`] = `
<DocumentFragment>
  <div
    class="intModal"
  >
    <button
      class="modal-close-btn"
    >
      <svg
        class="close-svg"
        data-testid="close-icon"
        fill="currentColor"
        height="1em"
        stroke="currentColor"
        stroke-width="0"
        viewBox="0 0 512 512"
        width="1em"
        xmlns="http://www.w3.org/2000/svg"
      >
        <path
          d="M400 145.49L366.51 112 256 222.51 145.49 112 112 145.49 222.51 256 112 366.51 145.49 400 256 289.49 366.51 400 400 366.51 289.49 256 400 145.49z"
        />
      </svg>
    </button>
    <div
      class="edit-modal-header"
      data-testid="editModalHeader"
    >
      <h2>
        Edit Interviewer
      </h2>
    </div>
    <div>
      <form
        class="interviewer-modal-form"
        enctype="multipart/form-data"
      >
        <div
          class="input-container"
        >
          <label
            class="input-label"
            for="full_name"
          >
            Full Name 
            <span
              class="requiredsign"
            >
              *
            </span>
          </label>
          <input
            autocomplete="off"
            class="input-field"
            id="full_name"
            maxlength="20"
            name="full_name"
            pattern="[^0-9]+"
            required=""
            title="Input can only contain letters"
            type="text"
            value=""
          />
        </div>
        <div
          class="input-container"
        >
          <label
            class="input-label"
            for="email"
          >
            Email 
            <span
              class="requiredsign"
            >
              *
            </span>
          </label>
          <input
            autocomplete="off"
            class="input-field"
            id="email"
            name="email"
            pattern="[a-z0-9._%+-]+@[a-z0-9.-]+\\\\.[a-z]{2,}$"
            required=""
            title="example@example.com"
            type="email"
            value=""
          />
        </div>
        <div
          class="input-container"
        >
          <label
            class="input-label"
            for="phone_no"
          >
            Contact # 
          </label>
          <input
            autocomplete="off"
            class="input-field"
            id="phone_no"
            maxlength="16"
            name="phone_no"
            pattern="[^a-zA-Z]+"
            title="Input can only accept numbers"
            type="text"
            value=""
          />
        </div>
        <div
          class="input-container"
        >
          <label
            class="input-label"
            for="city"
          >
            City 
          </label>
          <input
            autocomplete="off"
            class="input-field"
            id="city"
            maxlength="20"
            name="city"
            type="text"
            value=""
          />
        </div>
        <div
          class="input-container"
        >
          <label
            class="input-label"
            for="state"
          >
            State / Province 
          </label>
          <input
            autocomplete="off"
            class="input-field"
            id="state"
            maxlength="20"
            name="state"
            type="text"
            value=""
          />
        </div>
        <div
          class="input-container"
        >
          <label
            class="input-label"
            for="postalCode"
          >
            ZIP Code 
          </label>
          <input
            autocomplete="off"
            class="input-field"
            id="postalCode"
            maxlength="20"
            name="postalCode"
            type="text"
            value=""
          />
        </div>
        <div
          class="input-container"
        >
          <label
            class="input-label"
            for="total_experience"
          >
            Work Experience 
            <span
              class="guide-text"
            >
              (in years)
            </span>
          </label>
          <input
            autocomplete="off"
            class="input-field"
            id="total_experience"
            min="0"
            name="total_experience"
            type="number"
            value=""
          />
        </div>
        <div
          class="input-container"
        >
          <label
            class="input-label"
            for="current_project"
          >
            Current Project 
          </label>
          <input
            autocomplete="off"
            class="input-field"
            id="current_project"
            name="current_project"
            type="text"
            value=""
          />
        </div>
        <div
          class="textarea-container"
        >
          <label
            class="textarea-label"
            for="interview_skills"
          >
            Interview Skills
          </label>
          <textarea
            autocomplete="off"
            class="textarea"
            id="interview_skills"
            name="interview_skills"
          >
            testing
          </textarea>
        </div>
        <div
          class="btn-div"
        >
          <button
            class="edit-modal-btn mod-btn-submit"
            type="submit"
          >
            Save
          </button>
          <button
            class="edit-modal-btn mod-btn-reset"
            type="cancel"
          >
            Cancel
          </button>
        </div>
      </form>
    </div>
  </div>
</DocumentFragment>
`;
